Archive member included to satisfy reference by file (symbol)

C:/ST/STM32CubeIDE_1.19.0/STM32CubeIDE/plugins/com.st.stm32cube.ide.mcu.externaltools.gnu-tools-for-stm32.13.3.rel1.win32_1.0.0.202411081344/tools/bin/../lib/gcc/arm-none-eabi/13.3.1/../../../../arm-none-eabi/lib/thumb/v7e-m+fp/hard\libc_nano.a(libc_a-exit.o)
                              C:/ST/STM32CubeIDE_1.19.0/STM32CubeIDE/plugins/com.st.stm32cube.ide.mcu.externaltools.gnu-tools-for-stm32.13.3.rel1.win32_1.0.0.202411081344/tools/bin/../lib/gcc/arm-none-eabi/13.3.1/../../../../arm-none-eabi/lib/thumb/v7e-m+fp/hard/crt0.o (exit)
C:/ST/STM32CubeIDE_1.19.0/STM32CubeIDE/plugins/com.st.stm32cube.ide.mcu.externaltools.gnu-tools-for-stm32.13.3.rel1.win32_1.0.0.202411081344/tools/bin/../lib/gcc/arm-none-eabi/13.3.1/../../../../arm-none-eabi/lib/thumb/v7e-m+fp/hard\libc_nano.a(libc_a-findfp.o)
                              C:/ST/STM32CubeIDE_1.19.0/STM32CubeIDE/plugins/com.st.stm32cube.ide.mcu.externaltools.gnu-tools-for-stm32.13.3.rel1.win32_1.0.0.202411081344/tools/bin/../lib/gcc/arm-none-eabi/13.3.1/../../../../arm-none-eabi/lib/thumb/v7e-m+fp/hard\libc_nano.a(libc_a-exit.o) (__stdio_exit_handler)
C:/ST/STM32CubeIDE_1.19.0/STM32CubeIDE/plugins/com.st.stm32cube.ide.mcu.externaltools.gnu-tools-for-stm32.13.3.rel1.win32_1.0.0.202411081344/tools/bin/../lib/gcc/arm-none-eabi/13.3.1/../../../../arm-none-eabi/lib/thumb/v7e-m+fp/hard\libc_nano.a(libc_a-fwalk.o)
                              C:/ST/STM32CubeIDE_1.19.0/STM32CubeIDE/plugins/com.st.stm32cube.ide.mcu.externaltools.gnu-tools-for-stm32.13.3.rel1.win32_1.0.0.202411081344/tools/bin/../lib/gcc/arm-none-eabi/13.3.1/../../../../arm-none-eabi/lib/thumb/v7e-m+fp/hard\libc_nano.a(libc_a-findfp.o) (_fwalk_sglue)
C:/ST/STM32CubeIDE_1.19.0/STM32CubeIDE/plugins/com.st.stm32cube.ide.mcu.externaltools.gnu-tools-for-stm32.13.3.rel1.win32_1.0.0.202411081344/tools/bin/../lib/gcc/arm-none-eabi/13.3.1/../../../../arm-none-eabi/lib/thumb/v7e-m+fp/hard\libc_nano.a(libc_a-stdio.o)
                              C:/ST/STM32CubeIDE_1.19.0/STM32CubeIDE/plugins/com.st.stm32cube.ide.mcu.externaltools.gnu-tools-for-stm32.13.3.rel1.win32_1.0.0.202411081344/tools/bin/../lib/gcc/arm-none-eabi/13.3.1/../../../../arm-none-eabi/lib/thumb/v7e-m+fp/hard\libc_nano.a(libc_a-findfp.o) (__sread)
C:/ST/STM32CubeIDE_1.19.0/STM32CubeIDE/plugins/com.st.stm32cube.ide.mcu.externaltools.gnu-tools-for-stm32.13.3.rel1.win32_1.0.0.202411081344/tools/bin/../lib/gcc/arm-none-eabi/13.3.1/../../../../arm-none-eabi/lib/thumb/v7e-m+fp/hard\libc_nano.a(libc_a-memset.o)
                              C:/ST/STM32CubeIDE_1.19.0/STM32CubeIDE/plugins/com.st.stm32cube.ide.mcu.externaltools.gnu-tools-for-stm32.13.3.rel1.win32_1.0.0.202411081344/tools/bin/../lib/gcc/arm-none-eabi/13.3.1/../../../../arm-none-eabi/lib/thumb/v7e-m+fp/hard/crt0.o (memset)
C:/ST/STM32CubeIDE_1.19.0/STM32CubeIDE/plugins/com.st.stm32cube.ide.mcu.externaltools.gnu-tools-for-stm32.13.3.rel1.win32_1.0.0.202411081344/tools/bin/../lib/gcc/arm-none-eabi/13.3.1/../../../../arm-none-eabi/lib/thumb/v7e-m+fp/hard\libc_nano.a(libc_a-closer.o)
                              C:/ST/STM32CubeIDE_1.19.0/STM32CubeIDE/plugins/com.st.stm32cube.ide.mcu.externaltools.gnu-tools-for-stm32.13.3.rel1.win32_1.0.0.202411081344/tools/bin/../lib/gcc/arm-none-eabi/13.3.1/../../../../arm-none-eabi/lib/thumb/v7e-m+fp/hard\libc_nano.a(libc_a-stdio.o) (_close_r)
C:/ST/STM32CubeIDE_1.19.0/STM32CubeIDE/plugins/com.st.stm32cube.ide.mcu.externaltools.gnu-tools-for-stm32.13.3.rel1.win32_1.0.0.202411081344/tools/bin/../lib/gcc/arm-none-eabi/13.3.1/../../../../arm-none-eabi/lib/thumb/v7e-m+fp/hard\libc_nano.a(libc_a-reent.o)
                              C:/ST/STM32CubeIDE_1.19.0/STM32CubeIDE/plugins/com.st.stm32cube.ide.mcu.externaltools.gnu-tools-for-stm32.13.3.rel1.win32_1.0.0.202411081344/tools/bin/../lib/gcc/arm-none-eabi/13.3.1/../../../../arm-none-eabi/lib/thumb/v7e-m+fp/hard\libc_nano.a(libc_a-closer.o) (errno)
C:/ST/STM32CubeIDE_1.19.0/STM32CubeIDE/plugins/com.st.stm32cube.ide.mcu.externaltools.gnu-tools-for-stm32.13.3.rel1.win32_1.0.0.202411081344/tools/bin/../lib/gcc/arm-none-eabi/13.3.1/../../../../arm-none-eabi/lib/thumb/v7e-m+fp/hard\libc_nano.a(libc_a-impure.o)
                              C:/ST/STM32CubeIDE_1.19.0/STM32CubeIDE/plugins/com.st.stm32cube.ide.mcu.externaltools.gnu-tools-for-stm32.13.3.rel1.win32_1.0.0.202411081344/tools/bin/../lib/gcc/arm-none-eabi/13.3.1/../../../../arm-none-eabi/lib/thumb/v7e-m+fp/hard\libc_nano.a(libc_a-reent.o) (_impure_ptr)
C:/ST/STM32CubeIDE_1.19.0/STM32CubeIDE/plugins/com.st.stm32cube.ide.mcu.externaltools.gnu-tools-for-stm32.13.3.rel1.win32_1.0.0.202411081344/tools/bin/../lib/gcc/arm-none-eabi/13.3.1/../../../../arm-none-eabi/lib/thumb/v7e-m+fp/hard\libc_nano.a(libc_a-lseekr.o)
[...]
Memory Configuration

Name             Origin             Length             Attributes
RAM              0x20000000         0x00020000         xrw
FLASH            0x08000000         0x00080000         xr
*default*        0x00000000         0xffffffff

Linker script and memory map

LOAD C:/ST/STM32CubeIDE_1.19.0/STM32CubeIDE/plugins/com.st.stm32cube.ide.mcu.externaltools.gnu-tools-for-stm32.13.3.rel1.win32_1.0.0.202411081344/tools/bin/../lib/gcc/arm-none-eabi/13.3.1/thumb/v7e-m+fp/hard/crti.o
LOAD C:/ST/STM32CubeIDE_1.19.0/STM32CubeIDE/plugins/com.st.stm32cube.ide.mcu.externaltools.gnu-tools-for-stm32.13.3.rel1.win32_1.0.0.202411081344/tools/bin/../lib/gcc/arm-none-eabi/13.3.1/thumb/v7e-m+fp/hard/crtbegin.o
LOAD C:/ST/STM32CubeIDE_1.19.0/STM32CubeIDE/plugins/com.st.stm32cube.ide.mcu.externaltools.gnu-tools-for-stm32.13.3.rel1.win32_1.0.0.202411081344/tools/bin/../lib/gcc/arm-none-eabi/13.3.1/../../../../arm-none-eabi/lib/thumb/v7e-m+fp/hard/crt0.o
LOAD ./Core/Src/MAX31865.o
LOAD ./Core/Src/UART.o
LOAD ./Core/Src/main.o
LOAD ./Core/Src/stm32f4xx_hal_msp.o
LOAD ./Core/Src/stm32f4xx_it.o
LOAD ./Core/Src/syscalls.o
LOAD ./Core/Src/sysmem.o
LOAD ./Core/Src/system_stm32f4xx.o
LOAD ./Core/Startup/startup_stm32f411ceux.o
LOAD ./Drivers/STM32F4xx_HAL_Driver/Src/stm32f4xx_hal.o
LOAD ./Drivers/STM32F4xx_HAL_Driver/Src/stm32f4xx_hal_cortex.o
LOAD ./Drivers/STM32F4xx_HAL_Driver/Src/stm32f4xx_hal_dma.o
LOAD ./Drivers/STM32F4xx_HAL_Driver/Src/stm32f4xx_hal_dma_ex.o
LOAD ./Drivers/STM32F4xx_HAL_Driver/Src/stm32f4xx_hal_exti.o
LOAD ./Drivers/STM32F4xx_HAL_Driver/Src/stm32f4xx_hal_flash.o
LOAD ./Drivers/STM32F4xx_HAL_Driver/Src/stm32f4xx_hal_flash_ex.o
LOAD ./Drivers/STM32F4xx_HAL_Driver/Src/stm32f4xx_hal_flash_ramfunc.o
LOAD ./Drivers/STM32F4xx_HAL_Driver/Src/stm32f4xx_hal_gpio.o
LOAD ./Drivers/STM32F4xx_HAL_Driver/Src/stm32f4xx_hal_pwr.o
LOAD ./Drivers/STM32F4xx_HAL_Driver/Src/stm32f4xx_hal_pwr_ex.o
LOAD ./Drivers/STM32F4xx_HAL_Driver/Src/stm32f4xx_hal_rcc.o
LOAD ./Drivers/STM32F4xx_HAL_Driver/Src/stm32f4xx_hal_rcc_ex.o
LOAD ./Drivers/STM32F4xx_HAL_Driver/Src/stm32f4xx_hal_spi.o
LOAD ./Drivers/STM32F4xx_HAL_Driver/Src/stm32f4xx_hal_uart.o
START GROUP
LOAD C:/ST/STM32CubeIDE_1.19.0/STM32CubeIDE/plugins/com.st.stm32cube.ide.mcu.externaltools.gnu-tools-for-stm32.13.3.rel1.win32_1.0.0.202411081344/tools/bin/../lib/gcc/arm-none-eabi/13.3.1/../../../../arm-none-eabi/lib/thumb/v7e-m+fp/hard\libc_nano.a
LOAD C:/ST/STM32CubeIDE_1.19.0/STM32CubeIDE/plugins/com.st.stm32cube.ide.mcu.externaltools.gnu-tools-for-stm32.13.3.rel1.win32_1.0.0.202411081344/tools/bin/../lib/gcc/arm-none-eabi/13.3.1/../../../../arm-none-eabi/lib/thumb/v7e-m+fp/hard\libm.a
END GROUP
START GROUP
LOAD C:/ST/STM32CubeIDE_1.19.0/STM32CubeIDE/plugins/com.st.stm32cube.ide.mcu.externaltools.gnu-tools-for-stm32.13.3.rel1.win32_1.0.0.202411081344/tools/bin/../lib/gcc/arm-none-eabi/13.3.1/thumb/v7e-m+fp/hard\libgcc.a
LOAD C:/ST/STM32CubeIDE_1.19.0/STM32CubeIDE/plugins/com.st.stm32cube.ide.mcu.externaltools.gnu-tools-for-stm32.13.3.rel1.win32_1.0.0.202411081344/tools/bin/../lib/gcc/arm-none-eabi/13.3.1/../../../../arm-none-eabi/lib/thumb/v7e-m+fp/hard\libc_nano.a
END GROUP
START GROUP
LOAD C:/ST/STM32CubeIDE_1.19.0/STM32CubeIDE/plugins/com.st.stm32cube.ide.mcu.externaltools.gnu-tools-for-stm32.13.3.rel1.win32_1.0.0.202411081344/tools/bin/../lib/gcc/arm-none-eabi/13.3.1/thumb/v7e-m+fp/hard\libgcc.a
LOAD C:/ST/STM32CubeIDE_1.19.0/STM32CubeIDE/plugins/com.st.stm32cube.ide.mcu.externaltools.gnu-tools-for-stm32.13.3.rel1.win32_1.0.0.202411081344/tools/bin/../lib/gcc/arm-none-eabi/13.3.1/../../../../arm-none-eabi/lib/thumb/v7e-m+fp/hard\libc_nano.a
LOAD C:/ST/STM32CubeIDE_1.19.0/STM32CubeIDE/plugins/com.st.stm32cube.ide.mcu.externaltools.gnu-tools-for-stm32.13.3.rel1.win32_1.0.0.202411081344/tools/bin/../lib/gcc/arm-none-eabi/13.3.1/../../../../arm-none-eabi/lib/thumb/v7e-m+fp/hard\libnosys.a
END GROUP
START GROUP
LOAD C:/ST/STM32CubeIDE_1.19.0/STM32CubeIDE/plugins/com.st.stm32cube.ide.mcu.externaltools.gnu-tools-for-stm32.13.3.rel1.win32_1.0.0.202411081344/tools/bin/../lib/gcc/arm-none-eabi/13.3.1/thumb/v7e-m+fp/hard\libgcc.a
LOAD C:/ST/STM32CubeIDE_1.19.0/STM32CubeIDE/plugins/com.st.stm32cube.ide.mcu.externaltools.gnu-tools-for-stm32.13.3.rel1.win32_1.0.0.202411081344/tools/bin/../lib/gcc/arm-none-eabi/13.3.1/../../../../arm-none-eabi/lib/thumb/v7e-m+fp/hard\libc_nano.a
LOAD C:/ST/STM32CubeIDE_1.19.0/STM32CubeIDE/plugins/com.st.stm32cube.ide.mcu.externaltools.gnu-tools-for-stm32.13.3.rel1.win32_1.0.0.202411081344/tools/bin/../lib/gcc/arm-none-eabi/13.3.1/../../../../arm-none-eabi/lib/thumb/v7e-m+fp/hard\libnosys.a
END GROUP
LOAD C:/ST/STM32CubeIDE_1.19.0/STM32CubeIDE/plugins/com.st.stm32cube.ide.mcu.externaltools.gnu-tools-for-stm32.13.3.rel1.win32_1.0.0.202411081344/tools/bin/../lib/gcc/arm-none-eabi/13.3.1/thumb/v7e-m+fp/hard/crtend.o
LOAD C:/ST/STM32CubeIDE_1.19.0/STM32CubeIDE/plugins/com.st.stm32cube.ide.mcu.externaltools.gnu-tools-for-stm32.13.3.rel1.win32_1.0.0.202411081344/tools/bin/../lib/gcc/arm-none-eabi/13.3.1/thumb/v7e-m+fp/hard/crtn.o
                0x20020000                        _estack = (ORIGIN (RAM) + LENGTH (RAM))
                0x00000200                        _Min_Heap_Size = 0x200
                0x00000400                        _Min_Stack_Size = 0x400

.isr_vector     0x08000000      0x198
                0x08000000                        . = ALIGN (0x4)
 *(.isr_vector)
 .isr_vector    0x08000000      0x198 ./Core/Startup/startup_stm32f411ceux.o
                0x08000000                g_pfnVectors
                0x08000198                        . = ALIGN (0x4)

.text           0x08000198     0x5128
                0x08000198                        . = ALIGN (0x4)
 *(.text)
 .text          0x08000198       0x40 C:/ST/STM32CubeIDE_1.19.0/STM32CubeIDE/plugins/com.st.stm32cube.ide.mcu.externaltools.gnu-tools-for-stm32.13.3.rel1.win32_1.0.0.202411081344/tools/bin/../lib/gcc/arm-none-eabi/13.3.1/thumb/v7e-m+fp/hard/crtbegin.o
 .text          0x080001d8      0x254 C:/ST/STM32CubeIDE_1.19.0/STM32CubeIDE/plugins/com.st.stm32cube.ide.mcu.externaltools.gnu-tools-for-stm32.13.3.rel1.win32_1.0.0.202411081344/tools/bin/../lib/gcc/arm-none-eabi/13.3.1/thumb/v7e-m+fp/hard\libgcc.a(_arm_muldf3.o)
                0x080001d8                __muldf3
                0x080001d8                __aeabi_dmul
 .text          0x0800042c      0x378 C:/ST/STM32CubeIDE_1.19.0/STM32CubeIDE/plugins/com.st.stm32cube.ide.mcu.externaltools.gnu-tools-for-stm32.13.3.rel1.win32_1.0.0.202411081344/tools/bin/../lib/gcc/arm-none-eabi/13.3.1/thumb/v7e-m+fp/hard\libgcc.a(_arm_addsubdf3.o)
                0x0800042c                __aeabi_drsub
                0x08000434                __aeabi_dsub
                0x08000434                __subdf3
                0x08000438                __aeabi_dadd
                0x08000438                __adddf3
                0x080006b0                __floatunsidf
                0x080006b0                __aeabi_ui2d
                0x080006d0                __floatsidf
                0x080006d0                __aeabi_i2d
                0x080006f4                __aeabi_f2d
                0x080006f4                __extendsfdf2
                0x08000738                __floatundidf
                0x08000738                __aeabi_ul2d
                0x08000748                __floatdidf
                0x08000748                __aeabi_l2d
 .text          0x080007a4       0xa0 C:/ST/STM32CubeIDE_1.19.0/STM32CubeIDE/plugins/com.st.stm32cube.ide.mcu.externaltools.gnu-tools-for-stm32.13.3.rel1.win32_1.0.0.202411081344/tools/bin/../lib/gcc/arm-none-eabi/13.3.1/thumb/v7e-m+fp/hard\libgcc.a(_arm_truncdfsf2.o)
                0x080007a4                __truncdfsf2
                0x080007a4                __aeabi_d2f
 .text          0x08000844       0x30 C:/ST/STM32CubeIDE_1.19.0/STM32CubeIDE/plugins/com.st.stm32cube.ide.mcu.externaltools.gnu-tools-for-stm32.13.3.rel1.win32_1.0.0.202411081344/tools/bin/../lib/gcc/arm-none-eabi/13.3.1/thumb/v7e-m+fp/hard\libgcc.a(_aeabi_uldivmod.o)
                0x08000844                __aeabi_uldivmod
 .text          0x08000874      0x2f8 C:/ST/STM32CubeIDE_1.19.0/STM32CubeIDE/plugins/com.st.stm32cube.ide.mcu.externaltools.gnu-tools-for-stm32.13.3.rel1.win32_1.0.0.202411081344/tools/bin/../lib/gcc/arm-none-eabi/13.3.1/thumb/v7e-m+fp/hard\libgcc.a(_udivmoddi4.o)
                0x08000874                __udivmoddi4
 .text          0x08000b6c        0x4 C:/ST/STM32CubeIDE_1.19.0/STM32CubeIDE/plugins/com.st.stm32cube.ide.mcu.externaltools.gnu-tools-for-stm32.13.3.rel1.win32_1.0.0.202411081344/tools/bin/../lib/gcc/arm-none-eabi/13.3.1/thumb/v7e-m+fp/hard\libgcc.a(_dvmd_tls.o)
                0x08000b6c                __aeabi_idiv0
                0x08000b6c                __aeabi_ldiv0
 *(.text*)
 .text.Max31865_readRegister
                0x08000b70       0x7e ./Core/Src/MAX31865.o
 .text.Max31865_writeRegister
                0x08000bee       0x58 ./Core/Src/MAX31865.o
 .text.Max31865_readFault
                0x08000c46       0x1e ./Core/Src/MAX31865.o
                0x08000c46                Max31865_readFault
 .text.Max31865_clearFault
                0x08000c64       0x3a ./Core/Src/MAX31865.o
                0x08000c64                Max31865_clearFault
 .text.Max31865_enableBias
                0x08000c9e       0x48 ./Core/Src/MAX31865.o
                0x08000c9e                Max31865_enableBias
 .text.Max31865_setWires
                0x08000ce6       0x48 ./Core/Src/MAX31865.o
                0x08000ce6                Max31865_setWires
 .text.Max31865_singleShot
                0x08000d2e       0x30 ./Core/Src/MAX31865.o
                0x08000d2e                Max31865_singleShot
 .text.Max31865_readRTD
                0x08000d5e       0x4c ./Core/Src/MAX31865.o
                0x08000d5e                Max31865_readRTD
 .text.Max31865_Init
                0x08000daa       0x74 ./Core/Src/MAX31865.o
                0x08000daa                Max31865_Init
 *fill*         0x08000e1e        0x2 
 .text.Max31865_ReadTempC
                0x08000e20      0x1e8 ./Core/Src/MAX31865.o
                0x08000e20                Max31865_ReadTempC
 .text.CalcCRC  0x08001008       0x82 ./Core/Src/UART.o
                0x08001008                CalcCRC
 *fill*         0x0800108a        0x2 
 .text.CheckStartBytes
                0x0800108c       0x4c ./Core/Src/UART.o
                0x0800108c                CheckStartBytes
 .text.CheckPayloadlen
                0x080010d8       0x46 ./Core/Src/UART.o
                0x080010d8                CheckPayloadlen
 *fill*         0x0800111e        0x2 
 .text.SendData
                0x08001120      0x108 ./Core/Src/UART.o
                0x08001120                SendData
 .text.ReceiveData
                0x08001228       0xa0 ./Core/Src/UART.o
                0x08001228                ReceiveData
 .text.HAL_UART_TxCpltCallback
                0x080012c8       0x14 ./Core/Src/UART.o
                0x080012c8                HAL_UART_TxCpltCallback
 .text.HAL_UART_RxCpltCallback
                0x080012dc       0x14 ./Core/Src/UART.o
                0x080012dc                HAL_UART_RxCpltCallback
 .text.HAL_UART_ErrorCallback
                0x080012f0       0x58 ./Core/Src/UART.o
                0x080012f0                HAL_UART_ErrorCallback
 .text.MarhalDataToSend
                0x08001348       0xa0 ./Core/Src/main.o
                0x08001348                MarhalDataToSend
 .text.InitStartByteTXData
                0x080013e8       0x2c ./Core/Src/main.o
                0x080013e8                InitStartByteTXData
 .text.main     0x08001414       0x70 ./Core/Src/main.o
                0x08001414                main
 .text.SystemClock_Config
                0x08001484       0xbc ./Core/Src/main.o
                0x08001484                SystemClock_Config
 .text.MX_SPI1_Init
                0x08001540       0x6c ./Core/Src/main.o
 .text.MX_USART1_UART_Init
                0x080015ac       0x54 ./Core/Src/main.o
 .text.MX_DMA_Init
                0x08001600       0x50 ./Core/Src/main.o
 .text.MX_GPIO_Init
                0x08001650       0x64 ./Core/Src/main.o
 .text.Error_Handler
                0x080016b4        0xc ./Core/Src/main.o
                0x080016b4                Error_Handler
 .text.HAL_MspInit
                0x080016c0       0x50 ./Core/Src/stm32f4xx_hal_msp.o
                0x080016c0                HAL_MspInit
 .text.HAL_SPI_MspInit
                0x08001710       0x90 ./Core/Src/stm32f4xx_hal_msp.o
                0x08001710                HAL_SPI_MspInit
 .text.HAL_UART_MspInit
                0x080017a0      0x16c ./Core/Src/stm32f4xx_hal_msp.o
                0x080017a0                HAL_UART_MspInit
 .text.NMI_Handler
                0x0800190c        0x8 ./Core/Src/stm32f4xx_it.o
                0x0800190c                NMI_Handler
 .text.HardFault_Handler
                0x08001914        0x8 ./Core/Src/stm32f4xx_it.o
                0x08001914                HardFault_Handler
 .text.MemManage_Handler
                0x0800191c        0x8 ./Core/Src/stm32f4xx_it.o
                0x0800191c                MemManage_Handler
 .text.BusFault_Handler
                0x08001924        0x8 ./Core/Src/stm32f4xx_it.o
                0x08001924                BusFault_Handler
 .text.UsageFault_Handler
                0x0800192c        0x8 ./Core/Src/stm32f4xx_it.o
                0x0800192c                UsageFault_Handler
 .text.SVC_Handler
                0x08001934        0xe ./Core/Src/stm32f4xx_it.o
                0x08001934                SVC_Handler
 .text.DebugMon_Handler
                0x08001942        0xe ./Core/Src/stm32f4xx_it.o
                0x08001942                DebugMon_Handler
 .text.PendSV_Handler
                0x08001950        0xe ./Core/Src/stm32f4xx_it.o
                0x08001950                PendSV_Handler
 .text.SysTick_Handler
                0x0800195e        0xc ./Core/Src/stm32f4xx_it.o
                0x0800195e                SysTick_Handler
 *fill*         0x0800196a        0x2 
 .text.USART1_IRQHandler
                0x0800196c       0x14 ./Core/Src/stm32f4xx_it.o
                0x0800196c                USART1_IRQHandler
 .text.DMA2_Stream2_IRQHandler
                0x08001980       0x14 ./Core/Src/stm32f4xx_it.o
                0x08001980                DMA2_Stream2_IRQHandler
 .text.DMA2_Stream7_IRQHandler
                0x08001994       0x14 ./Core/Src/stm32f4xx_it.o
                0x08001994                DMA2_Stream7_IRQHandler
 .text.SystemInit
                0x080019a8       0x24 ./Core/Src/system_stm32f4xx.o
                0x080019a8                SystemInit
 .text.Reset_Handler
                0x080019cc       0x50 ./Core/Startup/startup_stm32f411ceux.o
                0x080019cc                Reset_Handler
 .text.Default_Handler
                0x08001a1c        0x2 ./Core/Startup/startup_stm32f411ceux.o
                0x08001a1c                RTC_Alarm_IRQHandler
                0x08001a1c                EXTI2_IRQHandler
                0x08001a1c                SPI4_IRQHandler
                0x08001a1c                TIM1_CC_IRQHandler
                0x08001a1c                DMA2_Stream5_IRQHandler
                0x08001a1c                DMA1_Stream5_IRQHandler
                0x08001a1c                PVD_IRQHandler
                0x08001a1c                SDIO_IRQHandler
                0x08001a1c                TAMP_STAMP_IRQHandler
                0x08001a1c                EXTI3_IRQHandler
                0x08001a1c                TIM1_UP_TIM10_IRQHandler
                0x08001a1c                I2C3_ER_IRQHandler
                0x08001a1c                EXTI0_IRQHandler
                0x08001a1c                I2C2_EV_IRQHandler
                0x08001a1c                DMA1_Stream2_IRQHandler
                0x08001a1c                FPU_IRQHandler
                0x08001a1c                SPI1_IRQHandler
                0x08001a1c                TIM1_BRK_TIM9_IRQHandler
                0x08001a1c                DMA2_Stream3_IRQHandler
                0x08001a1c                USART6_IRQHandler
                0x08001a1c                DMA2_Stream0_IRQHandler
                0x08001a1c                TIM4_IRQHandler
                0x08001a1c                I2C1_EV_IRQHandler
                0x08001a1c                DMA1_Stream6_IRQHandler
                0x08001a1c                DMA1_Stream1_IRQHandler
                0x08001a1c                TIM3_IRQHandler
                0x08001a1c                RCC_IRQHandler
                0x08001a1c                Default_Handler
                0x08001a1c                EXTI15_10_IRQHandler
                0x08001a1c                ADC_IRQHandler
                0x08001a1c                DMA1_Stream7_IRQHandler
                0x08001a1c                SPI5_IRQHandler
                0x08001a1c                TIM5_IRQHandler
                0x08001a1c                I2C3_EV_IRQHandler
                0x08001a1c                EXTI9_5_IRQHandler
                0x08001a1c                RTC_WKUP_IRQHandler
                0x08001a1c                SPI2_IRQHandler
                0x08001a1c                DMA1_Stream0_IRQHandler
                0x08001a1c                EXTI4_IRQHandler
                0x08001a1c                WWDG_IRQHandler
                0x08001a1c                TIM2_IRQHandler
                0x08001a1c                OTG_FS_WKUP_IRQHandler
                0x08001a1c                TIM1_TRG_COM_TIM11_IRQHandler
                0x08001a1c                EXTI1_IRQHandler
                0x08001a1c                USART2_IRQHandler
                0x08001a1c                I2C2_ER_IRQHandler
                0x08001a1c                DMA2_Stream1_IRQHandler
                0x08001a1c                FLASH_IRQHandler
                0x08001a1c                DMA2_Stream4_IRQHandler
                0x08001a1c                OTG_FS_IRQHandler
                0x08001a1c                SPI3_IRQHandler
                0x08001a1c                DMA1_Stream4_IRQHandler
                0x08001a1c                I2C1_ER_IRQHandler
                0x08001a1c                DMA2_Stream6_IRQHandler
                0x08001a1c                DMA1_Stream3_IRQHandler
 *fill*         0x08001a1e        0x2 
 .text.HAL_Init
                0x08001a20       0x44 ./Drivers/STM32F4xx_HAL_Driver/Src/stm32f4xx_hal.o
                0x08001a20                HAL_Init
 .text.HAL_InitTick
                0x08001a64       0x60 ./Drivers/STM32F4xx_HAL_Driver/Src/stm32f4xx_hal.o
                0x08001a64                HAL_InitTick
 .text.HAL_IncTick
                0x08001ac4       0x28 ./Drivers/STM32F4xx_HAL_Driver/Src/stm32f4xx_hal.o
                0x08001ac4                HAL_IncTick
 .text.HAL_GetTick
                0x08001aec       0x18 ./Drivers/STM32F4xx_HAL_Driver/Src/stm32f4xx_hal.o
                0x08001aec                HAL_GetTick
 .text.HAL_Delay
                0x08001b04       0x48 ./Drivers/STM32F4xx_HAL_Driver/Src/stm32f4xx_hal.o
                0x08001b04                HAL_Delay
 .text.__NVIC_SetPriorityGrouping
                0x08001b4c       0x48 ./Drivers/STM32F4xx_HAL_Driver/Src/stm32f4xx_hal_cortex.o
 .text.__NVIC_GetPriorityGrouping
                0x08001b94       0x1c ./Drivers/STM32F4xx_HAL_Driver/Src/stm32f4xx_hal_cortex.o
 .text.__NVIC_EnableIRQ
                0x08001bb0       0x3c ./Drivers/STM32F4xx_HAL_Driver/Src/stm32f4xx_hal_cortex.o
 .text.__NVIC_SetPriority
                0x08001bec       0x54 ./Drivers/STM32F4xx_HAL_Driver/Src/stm32f4xx_hal_cortex.o
 .text.NVIC_EncodePriority
                0x08001c40       0x66 ./Drivers/STM32F4xx_HAL_Driver/Src/stm32f4xx_hal_cortex.o
 *fill*         0x08001ca6        0x2 
 .text.SysTick_Config
                0x08001ca8       0x44 ./Drivers/STM32F4xx_HAL_Driver/Src/stm32f4xx_hal_cortex.o
 .text.HAL_NVIC_SetPriorityGrouping
                0x08001cec       0x16 ./Drivers/STM32F4xx_HAL_Driver/Src/stm32f4xx_hal_cortex.o
                0x08001cec                HAL_NVIC_SetPriorityGrouping
 .text.HAL_NVIC_SetPriority
                0x08001d02       0x38 ./Drivers/STM32F4xx_HAL_Driver/Src/stm32f4xx_hal_cortex.o
                0x08001d02                HAL_NVIC_SetPriority
 .text.HAL_NVIC_EnableIRQ
                0x08001d3a       0x1c ./Drivers/STM32F4xx_HAL_Driver/Src/stm32f4xx_hal_cortex.o
                0x08001d3a                HAL_NVIC_EnableIRQ
 .text.HAL_SYSTICK_Config
                0x08001d56       0x18 ./Drivers/STM32F4xx_HAL_Driver/Src/stm32f4xx_hal_cortex.o
                0x08001d56                HAL_SYSTICK_Config
 *fill*         0x08001d6e        0x2 
 .text.HAL_DMA_Init
                0x08001d70      0x15c ./Drivers/STM32F4xx_HAL_Driver/Src/stm32f4xx_hal_dma.o
                0x08001d70                HAL_DMA_Init
 .text.HAL_DMA_Start_IT
                0x08001ecc       0xb0 ./Drivers/STM32F4xx_HAL_Driver/Src/stm32f4xx_hal_dma.o
                0x08001ecc                HAL_DMA_Start_IT
 .text.HAL_DMA_Abort
                0x08001f7c       0xe0 ./Drivers/STM32F4xx_HAL_Driver/Src/stm32f4xx_hal_dma.o
                0x08001f7c                HAL_DMA_Abort
 .text.HAL_DMA_Abort_IT
                0x0800205c       0x44 ./Drivers/STM32F4xx_HAL_Driver/Src/stm32f4xx_hal_dma.o
                0x0800205c                HAL_DMA_Abort_IT
 .text.HAL_DMA_IRQHandler
                0x080020a0      0x314 ./Drivers/STM32F4xx_HAL_Driver/Src/stm32f4xx_hal_dma.o
                0x080020a0                HAL_DMA_IRQHandler
 .text.DMA_SetConfig
                0x080023b4       0x5c ./Drivers/STM32F4xx_HAL_Driver/Src/stm32f4xx_hal_dma.o
 .text.DMA_CalcBaseAndBitshift
                0x08002410       0x6c ./Drivers/STM32F4xx_HAL_Driver/Src/stm32f4xx_hal_dma.o
 .text.DMA_CheckFifoParam
                0x0800247c       0xf8 ./Drivers/STM32F4xx_HAL_Driver/Src/stm32f4xx_hal_dma.o
 .text.HAL_GPIO_Init
                0x08002574      0x308 ./Drivers/STM32F4xx_HAL_Driver/Src/stm32f4xx_hal_gpio.o
                0x08002574                HAL_GPIO_Init
 .text.HAL_GPIO_WritePin
                0x0800287c       0x32 ./Drivers/STM32F4xx_HAL_Driver/Src/stm32f4xx_hal_gpio.o
                0x0800287c                HAL_GPIO_WritePin
 *fill*         0x080028ae        0x2 
 .text.HAL_RCC_OscConfig
                0x080028b0      0x4f0 ./Drivers/STM32F4xx_HAL_Driver/Src/stm32f4xx_hal_rcc.o
                0x080028b0                HAL_RCC_OscConfig
 .text.HAL_RCC_ClockConfig
                0x08002da0      0x1cc ./Drivers/STM32F4xx_HAL_Driver/Src/stm32f4xx_hal_rcc.o
                0x08002da0                HAL_RCC_ClockConfig
 .text.HAL_RCC_GetSysClockFreq
                0x08002f6c      0x18c ./Drivers/STM32F4xx_HAL_Driver/Src/stm32f4xx_hal_rcc.o
                0x08002f6c                HAL_RCC_GetSysClockFreq
 .text.HAL_RCC_GetHCLKFreq
                0x080030f8       0x18 ./Drivers/STM32F4xx_HAL_Driver/Src/stm32f4xx_hal_rcc.o
                0x080030f8                HAL_RCC_GetHCLKFreq
 .text.HAL_RCC_GetPCLK1Freq
                0x08003110       0x28 ./Drivers/STM32F4xx_HAL_Driver/Src/stm32f4xx_hal_rcc.o
                0x08003110                HAL_RCC_GetPCLK1Freq
 .text.HAL_RCC_GetPCLK2Freq
                0x08003138       0x28 ./Drivers/STM32F4xx_HAL_Driver/Src/stm32f4xx_hal_rcc.o
                0x08003138                HAL_RCC_GetPCLK2Freq
 .text.HAL_SPI_Init
                0x08003160      0x112 ./Drivers/STM32F4xx_HAL_Driver/Src/stm32f4xx_hal_spi.o
                0x08003160                HAL_SPI_Init
 .text.HAL_SPI_Transmit
                0x08003272      0x288 ./Drivers/STM32F4xx_HAL_Driver/Src/stm32f4xx_hal_spi.o
                0x08003272                HAL_SPI_Transmit
 .text.HAL_SPI_Receive
                0x080034fa      0x232 ./Drivers/STM32F4xx_HAL_Driver/Src/stm32f4xx_hal_spi.o
                0x080034fa                HAL_SPI_Receive
 .text.HAL_SPI_TransmitReceive
                0x0800372c      0x352 ./Drivers/STM32F4xx_HAL_Driver/Src/stm32f4xx_hal_spi.o
                0x0800372c                HAL_SPI_TransmitReceive
 *fill*         0x08003a7e        0x2 
 .text.SPI_WaitFlagStateUntilTimeout
                0x08003a80      0x110 ./Drivers/STM32F4xx_HAL_Driver/Src/stm32f4xx_hal_spi.o
 .text.SPI_EndRxTransaction
                0x08003b90       0xca ./Drivers/STM32F4xx_HAL_Driver/Src/stm32f4xx_hal_spi.o
 *fill*         0x08003c5a        0x2 
 .text.SPI_EndRxTxTransaction
                0x08003c5c       0xa8 ./Drivers/STM32F4xx_HAL_Driver/Src/stm32f4xx_hal_spi.o
 .text.HAL_UART_Init
                0x08003d04       0xa0 ./Drivers/STM32F4xx_HAL_Driver/Src/stm32f4xx_hal_uart.o
                0x08003d04                HAL_UART_Init
 .text.HAL_UART_Transmit_DMA
                0x08003da4       0xf8 ./Drivers/STM32F4xx_HAL_Driver/Src/stm32f4xx_hal_uart.o
                0x08003da4                HAL_UART_Transmit_DMA
 .text.HAL_UART_Receive_DMA
                0x08003e9c       0x4a ./Drivers/STM32F4xx_HAL_Driver/Src/stm32f4xx_hal_uart.o
                0x08003e9c                HAL_UART_Receive_DMA
 .text.HAL_UART_DMAStop
                0x08003ee6       0xfe ./Drivers/STM32F4xx_HAL_Driver/Src/stm32f4xx_hal_uart.o
                0x08003ee6                HAL_UART_DMAStop
 .text.HAL_UART_IRQHandler
                0x08003fe4      0x554 ./Drivers/STM32F4xx_HAL_Driver/Src/stm32f4xx_hal_uart.o
                0x08003fe4                HAL_UART_IRQHandler
 .text.HAL_UART_TxHalfCpltCallback
                0x08004538       0x14 ./Drivers/STM32F4xx_HAL_Driver/Src/stm32f4xx_hal_uart.o
                0x08004538                HAL_UART_TxHalfCpltCallback
 .text.HAL_UART_RxHalfCpltCallback
                0x0800454c       0x14 ./Drivers/STM32F4xx_HAL_Driver/Src/stm32f4xx_hal_uart.o
                0x0800454c                HAL_UART_RxHalfCpltCallback
 .text.HAL_UARTEx_RxEventCallback
                0x08004560       0x18 ./Drivers/STM32F4xx_HAL_Driver/Src/stm32f4xx_hal_uart.o
                0x08004560                HAL_UARTEx_RxEventCallback
 .text.UART_DMATransmitCplt
                0x08004578       0x9a ./Drivers/STM32F4xx_HAL_Driver/Src/stm32f4xx_hal_uart.o
 .text.UART_DMATxHalfCplt
                0x08004612       0x1c ./Drivers/STM32F4xx_HAL_Driver/Src/stm32f4xx_hal_uart.o
 .text.UART_DMAReceiveCplt
                0x0800462e      0x12c ./Drivers/STM32F4xx_HAL_Driver/Src/stm32f4xx_hal_uart.o
 .text.UART_DMARxHalfCplt
                0x0800475a       0x3c ./Drivers/STM32F4xx_HAL_Driver/Src/stm32f4xx_hal_uart.o
 .text.UART_DMAError
                0x08004796       0x94 ./Drivers/STM32F4xx_HAL_Driver/Src/stm32f4xx_hal_uart.o
 *fill*         0x0800482a        0x2 
 .text.UART_Start_Receive_DMA
                0x0800482c      0x14c ./Drivers/STM32F4xx_HAL_Driver/Src/stm32f4xx_hal_uart.o
                0x0800482c                UART_Start_Receive_DMA
 .text.UART_EndTxTransfer
                0x08004978       0x50 ./Drivers/STM32F4xx_HAL_Driver/Src/stm32f4xx_hal_uart.o
 .text.UART_EndRxTransfer
                0x080049c8       0xc6 ./Drivers/STM32F4xx_HAL_Driver/Src/stm32f4xx_hal_uart.o
 .text.UART_DMAAbortOnError
                0x08004a8e       0x22 ./Drivers/STM32F4xx_HAL_Driver/Src/stm32f4xx_hal_uart.o
 .text.UART_Transmit_IT
                0x08004ab0       0xa0 ./Drivers/STM32F4xx_HAL_Driver/Src/stm32f4xx_hal_uart.o
 .text.UART_EndTransmit_IT
                0x08004b50       0x30 ./Drivers/STM32F4xx_HAL_Driver/Src/stm32f4xx_hal_uart.o
 .text.UART_Receive_IT
                0x08004b80      0x17c ./Drivers/STM32F4xx_HAL_Driver/Src/stm32f4xx_hal_uart.o
 .text.UART_SetConfig
                0x08004cfc      0x4e8 ./Drivers/STM32F4xx_HAL_Driver/Src/stm32f4xx_hal_uart.o
 .text.memset   0x080051e4       0x10 C:/ST/STM32CubeIDE_1.19.0/STM32CubeIDE/plugins/com.st.stm32cube.ide.mcu.externaltools.gnu-tools-for-stm32.13.3.rel1.win32_1.0.0.202411081344/tools/bin/../lib/gcc/arm-none-eabi/13.3.1/../../../../arm-none-eabi/lib/thumb/v7e-m+fp/hard\libc_nano.a(libc_a-memset.o)
                0x080051e4                memset
 .text.__errno  0x080051f4        0xc C:/ST/STM32CubeIDE_1.19.0/STM32CubeIDE/plugins/com.st.stm32cube.ide.mcu.externaltools.gnu-tools-for-stm32.13.3.rel1.win32_1.0.0.202411081344/tools/bin/../lib/gcc/arm-none-eabi/13.3.1/../../../../arm-none-eabi/lib/thumb/v7e-m+fp/hard\libc_nano.a(libc_a-errno.o)
                0x080051f4                __errno
 .text.__libc_init_array
                0x08005200       0x48 C:/ST/STM32CubeIDE_1.19.0/STM32CubeIDE/plugins/com.st.stm32cube.ide.mcu.externaltools.gnu-tools-for-stm32.13.3.rel1.win32_1.0.0.202411081344/tools/bin/../lib/gcc/arm-none-eabi/13.3.1/../../../../arm-none-eabi/lib/thumb/v7e-m+fp/hard\libc_nano.a(libc_a-init.o)
                0x08005200                __libc_init_array
 .text.memcpy   0x08005248       0x1c C:/ST/STM32CubeIDE_1.19.0/STM32CubeIDE/plugins/com.st.stm32cube.ide.mcu.externaltools.gnu-tools-for-stm32.13.3.rel1.win32_1.0.0.202411081344/tools/bin/../lib/gcc/arm-none-eabi/13.3.1/../../../../arm-none-eabi/lib/thumb/v7e-m+fp/hard\libc_nano.a(libc_a-memcpy-stub.o)
                0x08005248                memcpy
 .text.sqrtf    0x08005264       0x3c C:/ST/STM32CubeIDE_1.19.0/STM32CubeIDE/plugins/com.st.stm32cube.ide.mcu.externaltools.gnu-tools-for-stm32.13.3.rel1.win32_1.0.0.202411081344/tools/bin/../lib/gcc/arm-none-eabi/13.3.1/../../../../arm-none-eabi/lib/thumb/v7e-m+fp/hard\libm.a(libm_a-wf_sqrt.o)
                0x08005264                sqrtf
 .text.__ieee754_sqrtf
                0x080052a0        0x6 C:/ST/STM32CubeIDE_1.19.0/STM32CubeIDE/plugins/com.st.stm32cube.ide.mcu.externaltools.gnu-tools-for-stm32.13.3.rel1.win32_1.0.0.202411081344/tools/bin/../lib/gcc/arm-none-eabi/13.3.1/../../../../arm-none-eabi/lib/thumb/v7e-m+fp/hard\libm.a(libm_a-ef_sqrt.o)
                0x080052a0                __ieee754_sqrtf
 *(.glue_7)
 .glue_7        0x080052a6        0x0 linker stubs
 *(.glue_7t)
 .glue_7t       0x080052a6        0x0 linker stubs
 *(.eh_frame)
 *fill*         0x080052a6        0x2 
 .eh_frame      0x080052a8        0x0 C:/ST/STM32CubeIDE_1.19.0/STM32CubeIDE/plugins/com.st.stm32cube.ide.mcu.externaltools.gnu-tools-for-stm32.13.3.rel1.win32_1.0.0.202411081344/tools/bin/../lib/gcc/arm-none-eabi/13.3.1/thumb/v7e-m+fp/hard/crtbegin.o
 *(.init)
 .init          0x080052a8        0x4 C:/ST/STM32CubeIDE_1.19.0/STM32CubeIDE/plugins/com.st.stm32cube.ide.mcu.externaltools.gnu-tools-for-stm32.13.3.rel1.win32_1.0.0.202411081344/tools/bin/../lib/gcc/arm-none-eabi/13.3.1/thumb/v7e-m+fp/hard/crti.o
                0x080052a8                _init
 .init          0x080052ac        0x8 C:/ST/STM32CubeIDE_1.19.0/STM32CubeIDE/plugins/com.st.stm32cube.ide.mcu.externaltools.gnu-tools-for-stm32.13.3.rel1.win32_1.0.0.202411081344/tools/bin/../lib/gcc/arm-none-eabi/13.3.1/thumb/v7e-m+fp/hard/crtn.o
 *(.fini)
 .fini          0x080052b4        0x4 C:/ST/STM32CubeIDE_1.19.0/STM32CubeIDE/plugins/com.st.stm32cube.ide.mcu.externaltools.gnu-tools-for-stm32.13.3.rel1.win32_1.0.0.202411081344/tools/bin/../lib/gcc/arm-none-eabi/13.3.1/thumb/v7e-m+fp/hard/crti.o
                0x080052b4                _fini
 .fini          0x080052b8        0x8 C:/ST/STM32CubeIDE_1.19.0/STM32CubeIDE/plugins/com.st.stm32cube.ide.mcu.externaltools.gnu-tools-for-stm32.13.3.rel1.win32_1.0.0.202411081344/tools/bin/../lib/gcc/arm-none-eabi/13.3.1/thumb/v7e-m+fp/hard/crtn.o
                0x080052c0                        . = ALIGN (0x4)
                0x080052c0                        _etext = .

.vfp11_veneer   0x080052c0        0x0
 .vfp11_veneer  0x080052c0        0x0 linker stubs

.v4_bx          0x080052c0        0x0
 .v4_bx         0x080052c0        0x0 linker stubs

.iplt           0x080052c0        0x0
 .iplt          0x080052c0        0x0 C:/ST/STM32CubeIDE_1.19.0/STM32CubeIDE/plugins/com.st.stm32cube.ide.mcu.externaltools.gnu-tools-for-stm32.13.3.rel1.win32_1.0.0.202411081344/tools/bin/../lib/gcc/arm-none-eabi/13.3.1/thumb/v7e-m+fp/hard/crtbegin.o

.rodata         0x080052c0       0x24
                0x080052c0                        . = ALIGN (0x4)
 *(.rodata)
 .rodata        0x080052c0        0x4 ./Core/Src/UART.o
 *(.rodata*)
 .rodata.AHBPrescTable
                0x080052c4       0x10 ./Core/Src/system_stm32f4xx.o
                0x080052c4                AHBPrescTable
 .rodata.APBPrescTable
                0x080052d4        0x8 ./Core/Src/system_stm32f4xx.o
                0x080052d4                APBPrescTable
 .rodata.flagBitshiftOffset.0
                0x080052dc        0x8 ./Drivers/STM32F4xx_HAL_Driver/Src/stm32f4xx_hal_dma.o
                0x080052e4                        . = ALIGN (0x4)

.ARM.extab      0x080052e4        0x0
                0x080052e4                        . = ALIGN (0x4)
 *(.ARM.extab* .gnu.linkonce.armextab.*)
                0x080052e4                        . = ALIGN (0x4)

.ARM            0x080052e4        0x8
                0x080052e4                        . = ALIGN (0x4)
                0x080052e4                        __exidx_start = .
 *(.ARM.exidx*)
 .ARM.exidx     0x080052e4        0x8 C:/ST/STM32CubeIDE_1.19.0/STM32CubeIDE/plugins/com.st.stm32cube.ide.mcu.externaltools.gnu-tools-for-stm32.13.3.rel1.win32_1.0.0.202411081344/tools/bin/../lib/gcc/arm-none-eabi/13.3.1/thumb/v7e-m+fp/hard\libgcc.a(_udivmoddi4.o)
                0x080052ec                        __exidx_end = .
                0x080052ec                        . = ALIGN (0x4)

.preinit_array  0x080052ec        0x0
                0x080052ec                        . = ALIGN (0x4)
                0x080052ec                        PROVIDE (__preinit_array_start = .)
 *(.preinit_array*)
                0x080052ec                        PROVIDE (__preinit_array_end = .)
                0x080052ec                        . = ALIGN (0x4)

.init_array     0x080052ec        0x4
                0x080052ec                        . = ALIGN (0x4)
                0x080052ec                        PROVIDE (__init_array_start = .)
 *(SORT_BY_NAME(.init_array.*))
 *(.init_array*)
 .init_array    0x080052ec        0x4 C:/ST/STM32CubeIDE_1.19.0/STM32CubeIDE/plugins/com.st.stm32cube.ide.mcu.externaltools.gnu-tools-for-stm32.13.3.rel1.win32_1.0.0.202411081344/tools/bin/../lib/gcc/arm-none-eabi/13.3.1/thumb/v7e-m+fp/hard/crtbegin.o
                0x080052f0                        PROVIDE (__init_array_end = .)
                0x080052f0                        . = ALIGN (0x4)

.fini_array     0x080052f0        0x4
                0x080052f0                        . = ALIGN (0x4)
                [!provide]                        PROVIDE (__fini_array_start = .)
 *(SORT_BY_NAME(.fini_array.*))
 *(.fini_array*)
 .fini_array    0x080052f0        0x4 C:/ST/STM32CubeIDE_1.19.0/STM32CubeIDE/plugins/com.st.stm32cube.ide.mcu.externaltools.gnu-tools-for-stm32.13.3.rel1.win32_1.0.0.202411081344/tools/bin/../lib/gcc/arm-none-eabi/13.3.1/thumb/v7e-m+fp/hard/crtbegin.o
                [!provide]                        PROVIDE (__fini_array_end = .)
                0x080052f4                        . = ALIGN (0x4)
                0x080052f4                        _sidata = LOADADDR (.data)

.rel.dyn        0x080052f4        0x0
 .rel.iplt      0x080052f4        0x0 C:/ST/STM32CubeIDE_1.19.0/STM32CubeIDE/plugins/com.st.stm32cube.ide.mcu.externaltools.gnu-tools-for-stm32.13.3.rel1.win32_1.0.0.202411081344/tools/bin/../lib/gcc/arm-none-eabi/13.3.1/thumb/v7e-m+fp/hard/crtbegin.o

.data           0x20000000       0x90 load address 0x080052f4
                0x20000000                        . = ALIGN (0x4)
                0x20000000                        _sdata = .
 *(.data)
 *(.data*)
 .data.active_uart
                0x20000000        0x4 ./Core/Src/UART.o
                0x20000000                active_uart
 .data.pt1000_1
                0x20000004       0x18 ./Core/Src/main.o
                0x20000004                pt1000_1
 .data.pt1000_2
                0x2000001c       0x18 ./Core/Src/main.o
                0x2000001c                pt1000_2
 .data.SystemCoreClock
                0x20000034        0x4 ./Core/Src/system_stm32f4xx.o
                0x20000034                SystemCoreClock
 .data.uwTickPrio
                0x20000038        0x4 ./Drivers/STM32F4xx_HAL_Driver/Src/stm32f4xx_hal.o
                0x20000038                uwTickPrio
 .data.uwTickFreq
                0x2000003c        0x1 ./Drivers/STM32F4xx_HAL_Driver/Src/stm32f4xx_hal.o
                0x2000003c                uwTickFreq
 *fill*         0x2000003d        0x3 
 .data._impure_ptr
                0x20000040        0x4 C:/ST/STM32CubeIDE_1.19.0/STM32CubeIDE/plugins/com.st.stm32cube.ide.mcu.externaltools.gnu-tools-for-stm32.13.3.rel1.win32_1.0.0.202411081344/tools/bin/../lib/gcc/arm-none-eabi/13.3.1/../../../../arm-none-eabi/lib/thumb/v7e-m+fp/hard\libc_nano.a(libc_a-impure.o)
                0x20000040                _impure_ptr
 .data._impure_data
                0x20000044       0x4c C:/ST/STM32CubeIDE_1.19.0/STM32CubeIDE/plugins/com.st.stm32cube.ide.mcu.externaltools.gnu-tools-for-stm32.13.3.rel1.win32_1.0.0.202411081344/tools/bin/../lib/gcc/arm-none-eabi/13.3.1/../../../../arm-none-eabi/lib/thumb/v7e-m+fp/hard\libc_nano.a(libc_a-impure.o)
                0x20000044                _impure_data
 *(.RamFunc)
 *(.RamFunc*)
                0x20000090                        . = ALIGN (0x4)
                0x20000090                        _edata = .

.igot.plt       0x20000090        0x0 load address 0x08005384
 .igot.plt      0x20000090        0x0 C:/ST/STM32CubeIDE_1.19.0/STM32CubeIDE/plugins/com.st.stm32cube.ide.mcu.externaltools.gnu-tools-for-stm32.13.3.rel1.win32_1.0.0.202411081344/tools/bin/../lib/gcc/arm-none-eabi/13.3.1/thumb/v7e-m+fp/hard/crtbegin.o
                0x20000090                        . = ALIGN (0x4)

.bss            0x20000090      0x340 load address 0x08005384
                0x20000090                        _sbss = .
                0x20000090                        __bss_start__ = _sbss
 *(.bss)
 .bss           0x20000090       0x1c C:/ST/STM32CubeIDE_1.19.0/STM32CubeIDE/plugins/com.st.stm32cube.ide.mcu.externaltools.gnu-tools-for-stm32.13.3.rel1.win32_1.0.0.202411081344/tools/bin/../lib/gcc/arm-none-eabi/13.3.1/thumb/v7e-m+fp/hard/crtbegin.o
 *(.bss*)
 .bss.TXData    0x200000ac       0x40 ./Core/Src/UART.o
                0x200000ac                TXData
 .bss.RXData    0x200000ec       0x40 ./Core/Src/UART.o
                0x200000ec                RXData
 .bss.hspi1     0x2000012c       0x58 ./Core/Src/main.o
                0x2000012c                hspi1
 .bss.huart1    0x20000184       0x48 ./Core/Src/main.o
                0x20000184                huart1
 .bss.hdma_usart1_rx
                0x200001cc       0x60 ./Core/Src/main.o
                0x200001cc                hdma_usart1_rx
 .bss.hdma_usart1_tx
                0x2000022c       0x60 ./Core/Src/main.o
                0x2000022c                hdma_usart1_tx
 .bss.pt1000Temp1
                0x2000028c        0x4 ./Core/Src/main.o
                0x2000028c                pt1000Temp1
 .bss.pt1000Temp2
                0x20000290        0x4 ./Core/Src/main.o
                0x20000290                pt1000Temp2
 .bss.uwTick    0x20000294        0x4 ./Drivers/STM32F4xx_HAL_Driver/Src/stm32f4xx_hal.o
                0x20000294                uwTick
 .bss.__sf      0x20000298      0x138 C:/ST/STM32CubeIDE_1.19.0/STM32CubeIDE/plugins/com.st.stm32cube.ide.mcu.externaltools.gnu-tools-for-stm32.13.3.rel1.win32_1.0.0.202411081344/tools/bin/../lib/gcc/arm-none-eabi/13.3.1/../../../../arm-none-eabi/lib/thumb/v7e-m+fp/hard\libc_nano.a(libc_a-findfp.o)
                0x20000298                __sf
 *(COMMON)
                0x200003d0                        . = ALIGN (0x4)
                0x200003d0                        _ebss = .
                0x200003d0                        __bss_end__ = _ebss

._user_heap_stack
                0x200003d0      0x600 load address 0x08005384
                0x200003d0                        . = ALIGN (0x8)
                [!provide]                        PROVIDE (end = .)
                0x200003d0                        PROVIDE (_end = .)
                0x200005d0                        . = (. + _Min_Heap_Size)
 *fill*         0x200003d0      0x200 
                0x200009d0                        . = (. + _Min_Stack_Size)
 *fill*         0x200005d0      0x400 
                0x200009d0                        . = ALIGN (0x8)

/DISCARD/
 libc.a(*)
 libm.a(*)
 libgcc.a(*)

.ARM.attributes
                0x00000000       0x30
 *(.ARM.attributes)
 .ARM.attributes
                0x00000000       0x22 C:/ST/STM32CubeIDE_1.19.0/STM32CubeIDE/plugins/com.st.stm32cube.ide.mcu.externaltools.gnu-tools-for-stm32.13.3.rel1.win32_1.0.0.202411081344/tools/bin/../lib/gcc/arm-none-eabi/13.3.1/thumb/v7e-m+fp/hard/crti.o
 .ARM.attributes
                0x00000022       0x34 C:/ST/STM32CubeIDE_1.19.0/STM32CubeIDE/plugins/com.st.stm32cube.ide.mcu.externaltools.gnu-tools-for-stm32.13.3.rel1.win32_1.0.0.202411081344/tools/bin/../lib/gcc/arm-none-eabi/13.3.1/thumb/v7e-m+fp/hard/crtbegin.o
 .ARM.attributes
                0x00000056       0x34 ./Core/Src/MAX31865.o
 .ARM.attributes
                0x0000008a       0x34 ./Core/Src/UART.o
 .ARM.attributes
                0x000000be       0x34 ./Core/Src/main.o
 .ARM.attributes
                0x000000f2       0x34 ./Core/Src/stm32f4xx_hal_msp.o
 .ARM.attributes
                0x00000126       0x34 ./Core/Src/stm32f4xx_it.o
 .ARM.attributes
                0x0000015a       0x34 ./Core/Src/system_stm32f4xx.o
 .ARM.attributes
                0x0000018e       0x21 ./Core/Startup/startup_stm32f411ceux.o
 .ARM.attributes
                0x000001af       0x34 ./Drivers/STM32F4xx_HAL_Driver/Src/stm32f4xx_hal.o
 .ARM.attributes
                0x000001e3       0x34 ./Drivers/STM32F4xx_HAL_Driver/Src/stm32f4xx_hal_cortex.o
 .ARM.attributes
                0x00000217       0x34 ./Drivers/STM32F4xx_HAL_Driver/Src/stm32f4xx_hal_dma.o
 .ARM.attributes
                0x0000024b       0x34 ./Drivers/STM32F4xx_HAL_Driver/Src/stm32f4xx_hal_gpio.o
 .ARM.attributes
                0x0000027f       0x34 ./Drivers/STM32F4xx_HAL_Driver/Src/stm32f4xx_hal_rcc.o
 .ARM.attributes
                0x000002b3       0x34 ./Drivers/STM32F4xx_HAL_Driver/Src/stm32f4xx_hal_spi.o
 .ARM.attributes
                0x000002e7       0x34 ./Drivers/STM32F4xx_HAL_Driver/Src/stm32f4xx_hal_uart.o
 .ARM.attributes
                0x0000031b       0x34 C:/ST/STM32CubeIDE_1.19.0/STM32CubeIDE/plugins/com.st.stm32cube.ide.mcu.externaltools.gnu-tools-for-stm32.13.3.rel1.win32_1.0.0.202411081344/tools/bin/../lib/gcc/arm-none-eabi/13.3.1/../../../../arm-none-eabi/lib/thumb/v7e-m+fp/hard\libc_nano.a(libc_a-findfp.o)
 .ARM.attributes
                0x0000034f       0x34 C:/ST/STM32CubeIDE_1.19.0/STM32CubeIDE/plugins/com.st.stm32cube.ide.mcu.externaltools.gnu-tools-for-stm32.13.3.rel1.win32_1.0.0.202411081344/tools/bin/../lib/gcc/arm-none-eabi/13.3.1/../../../../arm-none-eabi/lib/thumb/v7e-m+fp/hard\libc_nano.a(libc_a-memset.o)
 .ARM.attributes
                0x00000383       0x34 C:/ST/STM32CubeIDE_1.19.0/STM32CubeIDE/plugins/com.st.stm32cube.ide.mcu.externaltools.gnu-tools-for-stm32.13.3.rel1.win32_1.0.0.202411081344/tools/bin/../lib/gcc/arm-none-eabi/13.3.1/../../../../arm-none-eabi/lib/thumb/v7e-m+fp/hard\libc_nano.a(libc_a-impure.o)
 .ARM.attributes
                0x000003b7       0x34 C:/ST/STM32CubeIDE_1.19.0/STM32CubeIDE/plugins/com.st.stm32cube.ide.mcu.externaltools.gnu-tools-for-stm32.13.3.rel1.win32_1.0.0.202411081344/tools/bin/../lib/gcc/arm-none-eabi/13.3.1/../../../../arm-none-eabi/lib/thumb/v7e-m+fp/hard\libc_nano.a(libc_a-errno.o)
 .ARM.attributes
                0x000003eb       0x34 C:/ST/STM32CubeIDE_1.19.0/STM32CubeIDE/plugins/com.st.stm32cube.ide.mcu.externaltools.gnu-tools-for-stm32.13.3.rel1.win32_1.0.0.202411081344/tools/bin/../lib/gcc/arm-none-eabi/13.3.1/../../../../arm-none-eabi/lib/thumb/v7e-m+fp/hard\libc_nano.a(libc_a-init.o)
 .ARM.attributes
                0x0000041f       0x34 C:/ST/STM32CubeIDE_1.19.0/STM32CubeIDE/plugins/com.st.stm32cube.ide.mcu.externaltools.gnu-tools-for-stm32.13.3.rel1.win32_1.0.0.202411081344/tools/bin/../lib/gcc/arm-none-eabi/13.3.1/../../../../arm-none-eabi/lib/thumb/v7e-m+fp/hard\libc_nano.a(libc_a-memcpy-stub.o)
 .ARM.attributes
                0x00000453       0x34 C:/ST/STM32CubeIDE_1.19.0/STM32CubeIDE/plugins/com.st.stm32cube.ide.mcu.externaltools.gnu-tools-for-stm32.13.3.rel1.win32_1.0.0.202411081344/tools/bin/../lib/gcc/arm-none-eabi/13.3.1/../../../../arm-none-eabi/lib/thumb/v7e-m+fp/hard\libm.a(libm_a-wf_sqrt.o)
 .ARM.attributes
                0x00000487       0x34 C:/ST/STM32CubeIDE_1.19.0/STM32CubeIDE/plugins/com.st.stm32cube.ide.mcu.externaltools.gnu-tools-for-stm32.13.3.rel1.win32_1.0.0.202411081344/tools/bin/../lib/gcc/arm-none-eabi/13.3.1/../../../../arm-none-eabi/lib/thumb/v7e-m+fp/hard\libm.a(libm_a-ef_sqrt.o)
 .ARM.attributes
                0x000004bb       0x22 C:/ST/STM32CubeIDE_1.19.0/STM32CubeIDE/plugins/com.st.stm32cube.ide.mcu.externaltools.gnu-tools-for-stm32.13.3.rel1.win32_1.0.0.202411081344/tools/bin/../lib/gcc/arm-none-eabi/13.3.1/thumb/v7e-m+fp/hard\libgcc.a(_arm_muldf3.o)
 .ARM.attributes
                0x000004dd       0x22 C:/ST/STM32CubeIDE_1.19.0/STM32CubeIDE/plugins/com.st.stm32cube.ide.mcu.externaltools.gnu-tools-for-stm32.13.3.rel1.win32_1.0.0.202411081344/tools/bin/../lib/gcc/arm-none-eabi/13.3.1/thumb/v7e-m+fp/hard\libgcc.a(_arm_addsubdf3.o)
 .ARM.attributes
                0x000004ff       0x22 C:/ST/STM32CubeIDE_1.19.0/STM32CubeIDE/plugins/com.st.stm32cube.ide.mcu.externaltools.gnu-tools-for-stm32.13.3.rel1.win32_1.0.0.202411081344/tools/bin/../lib/gcc/arm-none-eabi/13.3.1/thumb/v7e-m+fp/hard\libgcc.a(_arm_truncdfsf2.o)
 .ARM.attributes
                0x00000521       0x22 C:/ST/STM32CubeIDE_1.19.0/STM32CubeIDE/plugins/com.st.stm32cube.ide.mcu.externaltools.gnu-tools-for-stm32.13.3.rel1.win32_1.0.0.202411081344/tools/bin/../lib/gcc/arm-none-eabi/13.3.1/thumb/v7e-m+fp/hard\libgcc.a(_aeabi_uldivmod.o)
 .ARM.attributes
                0x00000543       0x34 C:/ST/STM32CubeIDE_1.19.0/STM32CubeIDE/plugins/com.st.stm32cube.ide.mcu.externaltools.gnu-tools-for-stm32.13.3.rel1.win32_1.0.0.202411081344/tools/bin/../lib/gcc/arm-none-eabi/13.3.1/thumb/v7e-m+fp/hard\libgcc.a(_udivmoddi4.o)
 .ARM.attributes
                0x00000577       0x22 C:/ST/STM32CubeIDE_1.19.0/STM32CubeIDE/plugins/com.st.stm32cube.ide.mcu.externaltools.gnu-tools-for-stm32.13.3.rel1.win32_1.0.0.202411081344/tools/bin/../lib/gcc/arm-none-eabi/13.3.1/thumb/v7e-m+fp/hard\libgcc.a(_dvmd_tls.o)
 .ARM.attributes
                0x00000599       0x22 C:/ST/STM32CubeIDE_1.19.0/STM32CubeIDE/plugins/com.st.stm32cube.ide.mcu.externaltools.gnu-tools-for-stm32.13.3.rel1.win32_1.0.0.202411081344/tools/bin/../lib/gcc/arm-none-eabi/13.3.1/thumb/v7e-m+fp/hard/crtn.o
OUTPUT(Temp MAX31865.elf elf32-littlearm)
LOAD linker stubs
LOAD C:/ST/STM32CubeIDE_1.19.0/STM32CubeIDE/plugins/com.st.stm32cube.ide.mcu.externaltools.gnu-tools-for-stm32.13.3.rel1.win32_1.0.0.202411081344/tools/bin/../lib/gcc/arm-none-eabi/13.3.1/../../../../arm-none-eabi/lib/thumb/v7e-m+fp/hard\libc.a
LOAD C:/ST/STM32CubeIDE_1.19.0/STM32CubeIDE/plugins/com.st.stm32cube.ide.mcu.externaltools.gnu-tools-for-stm32.13.3.rel1.win32_1.0.0.202411081344/tools/bin/../lib/gcc/arm-none-eabi/13.3.1/../../../../arm-none-eabi/lib/thumb/v7e-m+fp/hard\libm.a
LOAD C:/ST/STM32CubeIDE_1.19.0/STM32CubeIDE/plugins/com.st.stm32cube.ide.mcu.externaltools.gnu-tools-for-stm32.13.3.rel1.win32_1.0.0.202411081344/tools/bin/../lib/gcc/arm-none-eabi/13.3.1/thumb/v7e-m+fp/hard\libgcc.a

.debug_info     0x00000000     0xb725
 .debug_info    0x00000000      0xae2 ./Core/Src/MAX31865.o
 .debug_info    0x00000ae2      0xb69 ./Core/Src/UART.o
 .debug_info    0x0000164b     0x1358 ./Core/Src/main.o
 .debug_info    0x000029a3      0xe63 ./Core/Src/stm32f4xx_hal_msp.o
 .debug_info    0x00003806      0x688 ./Core/Src/stm32f4xx_it.o
 .debug_info    0x00003e8e      0x53e ./Core/Src/system_stm32f4xx.o
 .debug_info    0x000043cc       0x30 ./Core/Startup/startup_stm32f411ceux.o
 .debug_info    0x000043fc      0x8c4 ./Drivers/STM32F4xx_HAL_Driver/Src/stm32f4xx_hal.o
 .debug_info    0x00004cc0      0xcfc ./Drivers/STM32F4xx_HAL_Driver/Src/stm32f4xx_hal_cortex.o
 .debug_info    0x000059bc      0x8e6 ./Drivers/STM32F4xx_HAL_Driver/Src/stm32f4xx_hal_dma.o
 .debug_info    0x000062a2      0x6f9 ./Drivers/STM32F4xx_HAL_Driver/Src/stm32f4xx_hal_gpio.o
 .debug_info    0x0000699b      0x904 ./Drivers/STM32F4xx_HAL_Driver/Src/stm32f4xx_hal_rcc.o
 .debug_info    0x0000729f     0x1530 ./Drivers/STM32F4xx_HAL_Driver/Src/stm32f4xx_hal_spi.o
 .debug_info    0x000087cf     0x2f56 ./Drivers/STM32F4xx_HAL_Driver/Src/stm32f4xx_hal_uart.o

.debug_abbrev   0x00000000     0x1e3f
 .debug_abbrev  0x00000000      0x227 ./Core/Src/MAX31865.o
 .debug_abbrev  0x00000227      0x2bb ./Core/Src/UART.o
 .debug_abbrev  0x000004e2      0x2ed ./Core/Src/main.o
 .debug_abbrev  0x000007cf      0x20c ./Core/Src/stm32f4xx_hal_msp.o
 .debug_abbrev  0x000009db      0x183 ./Core/Src/stm32f4xx_it.o
 .debug_abbrev  0x00000b5e      0x11a ./Core/Src/system_stm32f4xx.o
 .debug_abbrev  0x00000c78       0x24 ./Core/Startup/startup_stm32f411ceux.o
 .debug_abbrev  0x00000c9c      0x24b ./Drivers/STM32F4xx_HAL_Driver/Src/stm32f4xx_hal.o
 .debug_abbrev  0x00000ee7      0x31d ./Drivers/STM32F4xx_HAL_Driver/Src/stm32f4xx_hal_cortex.o
 .debug_abbrev  0x00001204      0x221 ./Drivers/STM32F4xx_HAL_Driver/Src/stm32f4xx_hal_dma.o
 .debug_abbrev  0x00001425      0x1d3 ./Drivers/STM32F4xx_HAL_Driver/Src/stm32f4xx_hal_gpio.o
 .debug_abbrev  0x000015f8      0x2b6 ./Drivers/STM32F4xx_HAL_Driver/Src/stm32f4xx_hal_rcc.o
 .debug_abbrev  0x000018ae      0x276 ./Drivers/STM32F4xx_HAL_Driver/Src/stm32f4xx_hal_spi.o
 .debug_abbrev  0x00001b24      0x31b ./Drivers/STM32F4xx_HAL_Driver/Src/stm32f4xx_hal_uart.o

.debug_aranges  0x00000000      0x9c8
 .debug_aranges
                0x00000000       0x78 ./Core/Src/MAX31865.o
 .debug_aranges
                0x00000078       0x80 ./Core/Src/UART.o
 .debug_aranges
                0x000000f8       0x60 ./Core/Src/main.o
 .debug_aranges
                0x00000158       0x40 ./Core/Src/stm32f4xx_hal_msp.o
 .debug_aranges
                0x00000198       0x78 ./Core/Src/stm32f4xx_it.o
 .debug_aranges
                0x00000210       0x28 ./Core/Src/system_stm32f4xx.o
 .debug_aranges
                0x00000238       0x28 ./Core/Startup/startup_stm32f411ceux.o
 .debug_aranges
                0x00000260       0xf0 ./Drivers/STM32F4xx_HAL_Driver/Src/stm32f4xx_hal.o
 .debug_aranges
                0x00000350      0x130 ./Drivers/STM32F4xx_HAL_Driver/Src/stm32f4xx_hal_cortex.o
 .debug_aranges
                0x00000480       0x90 ./Drivers/STM32F4xx_HAL_Driver/Src/stm32f4xx_hal_dma.o
 .debug_aranges
                0x00000510       0x58 ./Drivers/STM32F4xx_HAL_Driver/Src/stm32f4xx_hal_gpio.o
 .debug_aranges
                0x00000568       0x88 ./Drivers/STM32F4xx_HAL_Driver/Src/stm32f4xx_hal_rcc.o
 .debug_aranges
                0x000005f0      0x1d0 ./Drivers/STM32F4xx_HAL_Driver/Src/stm32f4xx_hal_spi.o
 .debug_aranges
                0x000007c0      0x208 ./Drivers/STM32F4xx_HAL_Driver/Src/stm32f4xx_hal_uart.o

.debug_rnglists
                0x00000000      0x77d
 .debug_rnglists
                0x00000000       0x56 ./Core/Src/MAX31865.o
 .debug_rnglists
                0x00000056       0x5e ./Core/Src/UART.o
 .debug_rnglists
                0x000000b4       0x45 ./Core/Src/main.o
 .debug_rnglists
                0x000000f9       0x2d ./Core/Src/stm32f4xx_hal_msp.o
 .debug_rnglists
                0x00000126       0x55 ./Core/Src/stm32f4xx_it.o
 .debug_rnglists
                0x0000017b       0x1a ./Core/Src/system_stm32f4xx.o
 .debug_rnglists
                0x00000195       0x19 ./Core/Startup/startup_stm32f411ceux.o
 .debug_rnglists
                0x000001ae       0xaf ./Drivers/STM32F4xx_HAL_Driver/Src/stm32f4xx_hal.o
 .debug_rnglists
                0x0000025d       0xe0 ./Drivers/STM32F4xx_HAL_Driver/Src/stm32f4xx_hal_cortex.o
 .debug_rnglists
                0x0000033d       0x70 ./Drivers/STM32F4xx_HAL_Driver/Src/stm32f4xx_hal_dma.o
 .debug_rnglists
                0x000003ad       0x3f ./Drivers/STM32F4xx_HAL_Driver/Src/stm32f4xx_hal_gpio.o
 .debug_rnglists
                0x000003ec       0x66 ./Drivers/STM32F4xx_HAL_Driver/Src/stm32f4xx_hal_rcc.o
 .debug_rnglists
                0x00000452      0x16f ./Drivers/STM32F4xx_HAL_Driver/Src/stm32f4xx_hal_spi.o
 .debug_rnglists
                0x000005c1      0x1bc ./Drivers/STM32F4xx_HAL_Driver/Src/stm32f4xx_hal_uart.o

.debug_macro    0x00000000    0x15f9d
 .debug_macro   0x00000000      0x291 ./Core/Src/MAX31865.o
 .debug_macro   0x00000291      0xad8 ./Core/Src/MAX31865.o
 .debug_macro   0x00000d69      0x29b ./Core/Src/MAX31865.o
 .debug_macro   0x00001004       0x2e ./Core/Src/MAX31865.o
 .debug_macro   0x00001032       0x28 ./Core/Src/MAX31865.o
 .debug_macro   0x0000105a       0x22 ./Core/Src/MAX31865.o
 .debug_macro   0x0000107c       0x8e ./Core/Src/MAX31865.o
 .debug_macro   0x0000110a       0x51 ./Core/Src/MAX31865.o
 .debug_macro   0x0000115b      0x103 ./Core/Src/MAX31865.o
 .debug_macro   0x0000125e       0x6a ./Core/Src/MAX31865.o
 .debug_macro   0x000012c8      0x1df ./Core/Src/MAX31865.o
 .debug_macro   0x000014a7       0x1c ./Core/Src/MAX31865.o
 .debug_macro   0x000014c3       0x22 ./Core/Src/MAX31865.o
 .debug_macro   0x000014e5       0xfb ./Core/Src/MAX31865.o
 .debug_macro   0x000015e0     0x1011 ./Core/Src/MAX31865.o
 .debug_macro   0x000025f1      0x11f ./Core/Src/MAX31865.o
 .debug_macro   0x00002710     0xb968 ./Core/Src/MAX31865.o
 .debug_macro   0x0000e078       0x6d ./Core/Src/MAX31865.o
 .debug_macro   0x0000e0e5     0x3693 ./Core/Src/MAX31865.o
 .debug_macro   0x00011778      0x190 ./Core/Src/MAX31865.o
 .debug_macro   0x00011908       0x5c ./Core/Src/MAX31865.o
 .debug_macro   0x00011964      0x45c ./Core/Src/MAX31865.o
 .debug_macro   0x00011dc0      0x9e9 ./Core/Src/MAX31865.o
 .debug_macro   0x000127a9      0x115 ./Core/Src/MAX31865.o
 .debug_macro   0x000128be      0x11b ./Core/Src/MAX31865.o
 .debug_macro   0x000129d9       0xa5 ./Core/Src/MAX31865.o
 .debug_macro   0x00012a7e      0x15f ./Core/Src/MAX31865.o
 .debug_macro   0x00012bdd      0x287 ./Core/Src/MAX31865.o
 .debug_macro   0x00012e64       0x5f ./Core/Src/MAX31865.o
 .debug_macro   0x00012ec3      0x236 ./Core/Src/MAX31865.o
 .debug_macro   0x000130f9      0x132 ./Core/Src/MAX31865.o
 .debug_macro   0x0001322b      0x264 ./Core/Src/MAX31865.o
 .debug_macro   0x0001348f       0x2e ./Core/Src/MAX31865.o
 .debug_macro   0x000134bd      0x127 ./Core/Src/MAX31865.o
 .debug_macro   0x000135e4       0x85 ./Core/Src/MAX31865.o
 .debug_macro   0x00013669       0x89 ./Core/Src/MAX31865.o
 .debug_macro   0x000136f2      0x225 ./Core/Src/MAX31865.o
 .debug_macro   0x00013917      0x2aa ./Core/Src/MAX31865.o
 .debug_macro   0x00013bc1      0x126 ./Core/Src/MAX31865.o
 .debug_macro   0x00013ce7       0x61 ./Core/Src/MAX31865.o
 .debug_macro   0x00013d48       0x2a ./Core/Src/MAX31865.o
 .debug_macro   0x00013d72       0x43 ./Core/Src/MAX31865.o
 .debug_macro   0x00013db5       0x34 ./Core/Src/MAX31865.o
 .debug_macro   0x00013de9      0x370 ./Core/Src/MAX31865.o
 .debug_macro   0x00014159       0x16 ./Core/Src/MAX31865.o
 .debug_macro   0x0001416f       0x4a ./Core/Src/MAX31865.o
 .debug_macro   0x000141b9       0x34 ./Core/Src/MAX31865.o
 .debug_macro   0x000141ed       0x10 ./Core/Src/MAX31865.o
 .debug_macro   0x000141fd       0x58 ./Core/Src/MAX31865.o
 .debug_macro   0x00014255       0x8e ./Core/Src/MAX31865.o
 .debug_macro   0x000142e3       0x1c ./Core/Src/MAX31865.o
 .debug_macro   0x000142ff      0x185 ./Core/Src/MAX31865.o
 .debug_macro   0x00014484      0x19b ./Core/Src/MAX31865.o
 .debug_macro   0x0001461f       0x22 ./Core/Src/MAX31865.o
 .debug_macro   0x00014641       0x70 ./Core/Src/MAX31865.o
 .debug_macro   0x000146b1      0x2aa ./Core/Src/UART.o
 .debug_macro   0x0001495b       0x10 ./Core/Src/UART.o
 .debug_macro   0x0001496b       0x3c ./Core/Src/UART.o
 .debug_macro   0x000149a7       0x20 ./Core/Src/UART.o
 .debug_macro   0x000149c7       0x16 ./Core/Src/UART.o
 .debug_macro   0x000149dd      0x2d4 ./Core/Src/main.o
 .debug_macro   0x00014cb1       0x70 ./Core/Src/main.o
 .debug_macro   0x00014d21       0x16 ./Core/Src/main.o
 .debug_macro   0x00014d37      0x1ce ./Core/Src/stm32f4xx_hal_msp.o
 .debug_macro   0x00014f05      0x1d8 ./Core/Src/stm32f4xx_it.o
 .debug_macro   0x000150dd      0x1c4 ./Core/Src/system_stm32f4xx.o
 .debug_macro   0x000152a1      0x224 ./Drivers/STM32F4xx_HAL_Driver/Src/stm32f4xx_hal.o
 .debug_macro   0x000154c5      0x1c4 ./Drivers/STM32F4xx_HAL_Driver/Src/stm32f4xx_hal_cortex.o
 .debug_macro   0x00015689      0x1ca ./Drivers/STM32F4xx_HAL_Driver/Src/stm32f4xx_hal_dma.o
 .debug_macro   0x00015853      0x1ca ./Drivers/STM32F4xx_HAL_Driver/Src/stm32f4xx_hal_gpio.o
 .debug_macro   0x00015a1d      0x1e8 ./Drivers/STM32F4xx_HAL_Driver/Src/stm32f4xx_hal_rcc.o
 .debug_macro   0x00015c05      0x1d3 ./Drivers/STM32F4xx_HAL_Driver/Src/stm32f4xx_hal_spi.o
 .debug_macro   0x00015dd8      0x1c5 ./Drivers/STM32F4xx_HAL_Driver/Src/stm32f4xx_hal_uart.o

.debug_line     0x00000000     0xbb47
 .debug_line    0x00000000      0xaf7 ./Core/Src/MAX31865.o
 .debug_line    0x00000af7      0xb4c ./Core/Src/UART.o
 .debug_line    0x00001643      0xa8b ./Core/Src/main.o
 .debug_line    0x000020ce      0x820 ./Core/Src/stm32f4xx_hal_msp.o
 .debug_line    0x000028ee      0x823 ./Core/Src/stm32f4xx_it.o
 .debug_line    0x00003111      0x7a2 ./Core/Src/system_stm32f4xx.o
 .debug_line    0x000038b3       0x7a ./Core/Startup/startup_stm32f411ceux.o
 .debug_line    0x0000392d      0xa1e ./Drivers/STM32F4xx_HAL_Driver/Src/stm32f4xx_hal.o
 .debug_line    0x0000434b      0xcee ./Drivers/STM32F4xx_HAL_Driver/Src/stm32f4xx_hal_cortex.o
 .debug_line    0x00005039      0xf8a ./Drivers/STM32F4xx_HAL_Driver/Src/stm32f4xx_hal_dma.o
 .debug_line    0x00005fc3      0xb3a ./Drivers/STM32F4xx_HAL_Driver/Src/stm32f4xx_hal_gpio.o
 .debug_line    0x00006afd      0xe2b ./Drivers/STM32F4xx_HAL_Driver/Src/stm32f4xx_hal_rcc.o
 .debug_line    0x00007928     0x1cb9 ./Drivers/STM32F4xx_HAL_Driver/Src/stm32f4xx_hal_spi.o
 .debug_line    0x000095e1     0x2566 ./Drivers/STM32F4xx_HAL_Driver/Src/stm32f4xx_hal_uart.o

.debug_str      0x00000000    0x87e98
 .debug_str     0x00000000    0x87e98 ./Core/Src/MAX31865.o
                              0x856fa (size before relaxing)
 .debug_str     0x00087e98    0x84f3c ./Core/Src/UART.o
 .debug_str     0x00087e98    0x86153 ./Core/Src/main.o
 .debug_str     0x00087e98    0x820b9 ./Core/Src/stm32f4xx_hal_msp.o
 .debug_str     0x00087e98    0x81a12 ./Core/Src/stm32f4xx_it.o
 .debug_str     0x00087e98    0x8163d ./Core/Src/system_stm32f4xx.o
 .debug_str     0x00087e98       0x79 ./Core/Startup/startup_stm32f411ceux.o
 .debug_str     0x00087e98    0x82069 ./Drivers/STM32F4xx_HAL_Driver/Src/stm32f4xx_hal.o
 .debug_str     0x00087e98    0x81dd3 ./Drivers/STM32F4xx_HAL_Driver/Src/stm32f4xx_hal_cortex.o
 .debug_str     0x00087e98    0x81a45 ./Drivers/STM32F4xx_HAL_Driver/Src/stm32f4xx_hal_dma.o
 .debug_str     0x00087e98    0x817b8 ./Drivers/STM32F4xx_HAL_Driver/Src/stm32f4xx_hal_gpio.o
 .debug_str     0x00087e98    0x81a71 ./Drivers/STM32F4xx_HAL_Driver/Src/stm32f4xx_hal_rcc.o
 .debug_str     0x00087e98    0x81ee9 ./Drivers/STM32F4xx_HAL_Driver/Src/stm32f4xx_hal_spi.o
 .debug_str     0x00087e98    0x82040 ./Drivers/STM32F4xx_HAL_Driver/Src/stm32f4xx_hal_uart.o

.comment        0x00000000       0x43
 .comment       0x00000000       0x43 ./Core/Src/MAX31865.o
                                 0x44 (size before relaxing)
 .comment       0x00000043       0x44 ./Core/Src/UART.o
 .comment       0x00000043       0x44 ./Core/Src/main.o
 .comment       0x00000043       0x44 ./Core/Src/stm32f4xx_hal_msp.o
 .comment       0x00000043       0x44 ./Core/Src/stm32f4xx_it.o
 .comment       0x00000043       0x44 ./Core/Src/system_stm32f4xx.o
 .comment       0x00000043       0x44 ./Drivers/STM32F4xx_HAL_Driver/Src/stm32f4xx_hal.o
 .comment       0x00000043       0x44 ./Drivers/STM32F4xx_HAL_Driver/Src/stm32f4xx_hal_cortex.o
 .comment       0x00000043       0x44 ./Drivers/STM32F4xx_HAL_Driver/Src/stm32f4xx_hal_dma.o
 .comment       0x00000043       0x44 ./Drivers/STM32F4xx_HAL_Driver/Src/stm32f4xx_hal_gpio.o
 .comment       0x00000043       0x44 ./Drivers/STM32F4xx_HAL_Driver/Src/stm32f4xx_hal_rcc.o
 .comment       0x00000043       0x44 ./Drivers/STM32F4xx_HAL_Driver/Src/stm32f4xx_hal_spi.o
 .comment       0x00000043       0x44 ./Drivers/STM32F4xx_HAL_Driver/Src/stm32f4xx_hal_uart.o

.debug_frame    0x00000000     0x2a88
 .debug_frame   0x00000000      0x1cc ./Core/Src/MAX31865.o
 .debug_frame   0x000001cc      0x1fc ./Core/Src/UART.o
 .debug_frame   0x000003c8      0x130 ./Core/Src/main.o
 .debug_frame   0x000004f8       0xc8 ./Core/Src/stm32f4xx_hal_msp.o
 .debug_frame   0x000005c0      0x158 ./Core/Src/stm32f4xx_it.o
 .debug_frame   0x00000718       0x58 ./Core/Src/system_stm32f4xx.o
 .debug_frame   0x00000770      0x374 ./Drivers/STM32F4xx_HAL_Driver/Src/stm32f4xx_hal.o
 .debug_frame   0x00000ae4      0x508 ./Drivers/STM32F4xx_HAL_Driver/Src/stm32f4xx_hal_cortex.o
 .debug_frame   0x00000fec      0x250 ./Drivers/STM32F4xx_HAL_Driver/Src/stm32f4xx_hal_dma.o
 .debug_frame   0x0000123c      0x14c ./Drivers/STM32F4xx_HAL_Driver/Src/stm32f4xx_hal_gpio.o
 .debug_frame   0x00001388      0x1f4 ./Drivers/STM32F4xx_HAL_Driver/Src/stm32f4xx_hal_rcc.o
 .debug_frame   0x0000157c      0x828 ./Drivers/STM32F4xx_HAL_Driver/Src/stm32f4xx_hal_spi.o
 .debug_frame   0x00001da4      0x954 ./Drivers/STM32F4xx_HAL_Driver/Src/stm32f4xx_hal_uart.o
 .debug_frame   0x000026f8      0x144 C:/ST/STM32CubeIDE_1.19.0/STM32CubeIDE/plugins/com.st.stm32cube.ide.mcu.externaltools.gnu-tools-for-stm32.13.3.rel1.win32_1.0.0.202411081344/tools/bin/../lib/gcc/arm-none-eabi/13.3.1/../../../../arm-none-eabi/lib/thumb/v7e-m+fp/hard\libc_nano.a(libc_a-findfp.o)
 .debug_frame   0x0000283c       0x20 C:/ST/STM32CubeIDE_1.19.0/STM32CubeIDE/plugins/com.st.stm32cube.ide.mcu.externaltools.gnu-tools-for-stm32.13.3.rel1.win32_1.0.0.202411081344/tools/bin/../lib/gcc/arm-none-eabi/13.3.1/../../../../arm-none-eabi/lib/thumb/v7e-m+fp/hard\libc_nano.a(libc_a-memset.o)
 .debug_frame   0x0000285c       0x20 C:/ST/STM32CubeIDE_1.19.0/STM32CubeIDE/plugins/com.st.stm32cube.ide.mcu.externaltools.gnu-tools-for-stm32.13.3.rel1.win32_1.0.0.202411081344/tools/bin/../lib/gcc/arm-none-eabi/13.3.1/../../../../arm-none-eabi/lib/thumb/v7e-m+fp/hard\libc_nano.a(libc_a-errno.o)
 .debug_frame   0x0000287c       0x2c C:/ST/STM32CubeIDE_1.19.0/STM32CubeIDE/plugins/com.st.stm32cube.ide.mcu.externaltools.gnu-tools-for-stm32.13.3.rel1.win32_1.0.0.202411081344/tools/bin/../lib/gcc/arm-none-eabi/13.3.1/../../../../arm-none-eabi/lib/thumb/v7e-m+fp/hard\libc_nano.a(libc_a-init.o)
 .debug_frame   0x000028a8       0x28 C:/ST/STM32CubeIDE_1.19.0/STM32CubeIDE/plugins/com.st.stm32cube.ide.mcu.externaltools.gnu-tools-for-stm32.13.3.rel1.win32_1.0.0.202411081344/tools/bin/../lib/gcc/arm-none-eabi/13.3.1/../../../../arm-none-eabi/lib/thumb/v7e-m+fp/hard\libc_nano.a(libc_a-memcpy-stub.o)
 .debug_frame   0x000028d0       0x38 C:/ST/STM32CubeIDE_1.19.0/STM32CubeIDE/plugins/com.st.stm32cube.ide.mcu.externaltools.gnu-tools-for-stm32.13.3.rel1.win32_1.0.0.202411081344/tools/bin/../lib/gcc/arm-none-eabi/13.3.1/../../../../arm-none-eabi/lib/thumb/v7e-m+fp/hard\libm.a(libm_a-wf_sqrt.o)
 .debug_frame   0x00002908       0x20 C:/ST/STM32CubeIDE_1.19.0/STM32CubeIDE/plugins/com.st.stm32cube.ide.mcu.externaltools.gnu-tools-for-stm32.13.3.rel1.win32_1.0.0.202411081344/tools/bin/../lib/gcc/arm-none-eabi/13.3.1/../../../../arm-none-eabi/lib/thumb/v7e-m+fp/hard\libm.a(libm_a-ef_sqrt.o)
 .debug_frame   0x00002928       0x30 C:/ST/STM32CubeIDE_1.19.0/STM32CubeIDE/plugins/com.st.stm32cube.ide.mcu.externaltools.gnu-tools-for-stm32.13.3.rel1.win32_1.0.0.202411081344/tools/bin/../lib/gcc/arm-none-eabi/13.3.1/thumb/v7e-m+fp/hard\libgcc.a(_arm_muldf3.o)
 .debug_frame   0x00002958       0xac C:/ST/STM32CubeIDE_1.19.0/STM32CubeIDE/plugins/com.st.stm32cube.ide.mcu.externaltools.gnu-tools-for-stm32.13.3.rel1.win32_1.0.0.202411081344/tools/bin/../lib/gcc/arm-none-eabi/13.3.1/thumb/v7e-m+fp/hard\libgcc.a(_arm_addsubdf3.o)
 .debug_frame   0x00002a04       0x24 C:/ST/STM32CubeIDE_1.19.0/STM32CubeIDE/plugins/com.st.stm32cube.ide.mcu.externaltools.gnu-tools-for-stm32.13.3.rel1.win32_1.0.0.202411081344/tools/bin/../lib/gcc/arm-none-eabi/13.3.1/thumb/v7e-m+fp/hard\libgcc.a(_arm_truncdfsf2.o)
 .debug_frame   0x00002a28       0x2c C:/ST/STM32CubeIDE_1.19.0/STM32CubeIDE/plugins/com.st.stm32cube.ide.mcu.externaltools.gnu-tools-for-stm32.13.3.rel1.win32_1.0.0.202411081344/tools/bin/../lib/gcc/arm-none-eabi/13.3.1/thumb/v7e-m+fp/hard\libgcc.a(_aeabi_uldivmod.o)
 .debug_frame   0x00002a54       0x34 C:/ST/STM32CubeIDE_1.19.0/STM32CubeIDE/plugins/com.st.stm32cube.ide.mcu.externaltools.gnu-tools-for-stm32.13.3.rel1.win32_1.0.0.202411081344/tools/bin/../lib/gcc/arm-none-eabi/13.3.1/thumb/v7e-m+fp/hard\libgcc.a(_udivmoddi4.o)

.debug_line_str
                0x00000000       0x5d
 .debug_line_str
                0x00000000       0x5d ./Core/Startup/startup_stm32f411ceux.o
